<?xml version="1.0" encoding="UTF-8"?>
<testsuites name="jest tests" tests="2" failures="0" errors="0" time="0.239">
  <testsuite name="sum()" errors="0" failures="0" skipped="0" timestamp="2025-11-14T14:04:58" time="0.166" tests="2">
    <testcase classname="sum() cộng hai số đúng" name="sum() cộng hai số đúng" time="0.002">
    </testcase>
    <testcase classname="sum() xử lý số âm" name="sum() xử lý số âm" time="0.001">
    </testcase>
  </testsuite>
</testsuites>